// Jest Snapshot v1, https://goo.gl/fbAQLP

exports[`Group of tests for countries page renders countires list correctly 1`] = `
<div
  className="container"
>
  <div>
    <div>
      <h2>
        Afghanistan
      </h2>
      <img
        alt="Flag"
        src="https://disease.sh/assets/img/flags/af.png"
      />
    </div>
    <div>
      <h3>
        Total Covid cases
      </h3>
      <span />
    </div>
    <div>
      <h3>
        Recovered
      </h3>
      <span />
    </div>
  </div>
  <div>
    <div>
      <h2>
        Algeria
      </h2>
      <img
        alt="Flag"
        src="https://disease.sh/assets/img/flags/dz.png"
      />
    </div>
    <div>
      <h3>
        Total Covid cases
      </h3>
      <span />
    </div>
    <div>
      <h3>
        Recovered
      </h3>
      <span />
    </div>
  </div>
  ;
</div>
`;
